// Jest Snapshot v1, https://goo.gl/fbAQLP

exports[`Should return locales without crash 1`] = `
Object {
  "translation": Object {
    "actions": "Actions",
    "back": "Back",
    "birthday": "Birthday",
    "email": "Email",
    "hasContract": "Has contract",
    "lastname": "Last name",
    "name": "First name",
    "not": "Not",
    "notFound": "Page not found",
    "yes": "Yes",
  },
}
`;

exports[`Should return locales without crash 2`] = `
Object {
  "translation": Object {
    "actions": "Acciones",
    "back": "Regresar",
    "birthday": "Cumpleaños",
    "email": "Correo electrónico",
    "hasContract": "Contratado",
    "lastname": "Apellido",
    "name": "Primer nombre",
    "not": "No",
    "notFound": "Página no encontrada",
    "yes": "Sí",
  },
}
`;

exports[`Should return locales without crash 3`] = `
Object {
  "translation": Object {
    "actions": "Acções",
    "back": "Voltar",
    "birthday": "Aniversário",
    "email": "Correio eletronico",
    "hasContract": "Contratado",
    "lastname": "Sobrenome",
    "name": "Nome",
    "not": "Não",
    "notFound": "Página não encontrada",
    "yes": "Sim",
  },
}
`;

exports[`Should return locales without crash 4`] = `
Object {
  "language": "pt",
  "languages": Array [
    "pt",
  ],
  "options": Object {
    "appendNamespaceToCIMode": false,
    "appendNamespaceToMissingKey": false,
    "contextSeparator": "_",
    "debug": false,
    "defaultNS": Array [
      "translation",
    ],
    "fallbackLng": Array [
      "pt",
    ],
    "fallbackNS": false,
    "ignoreJSONStructure": true,
    "initImmediate": true,
    "interpolation": Object {
      "escapeValue": false,
      "format": [Function],
      "formatSeparator": ",",
      "maxReplaces": 1000,
      "nestingOptionsSeparator": ",",
      "nestingPrefix": "$t(",
      "nestingSuffix": ")",
      "prefix": "{{",
      "skipOnVariables": true,
      "suffix": "}}",
      "unescapePrefix": "-",
    },
    "joinArrays": false,
    "keySeparator": ".",
    "lng": "pt",
    "load": "all",
    "missingInterpolationHandler": false,
    "missingKeyHandler": false,
    "nonExplicitSupportedLngs": false,
    "ns": Array [
      "translation",
    ],
    "nsSeparator": ":",
    "overloadTranslationOptionHandler": [Function],
    "parseMissingKeyHandler": false,
    "partialBundledLanguages": false,
    "pluralSeparator": "_",
    "postProcess": false,
    "postProcessPassResolved": false,
    "preload": false,
    "resources": Object {
      "en": Object {
        "translation": Object {
          "actions": "Actions",
          "back": "Back",
          "birthday": "Birthday",
          "email": "Email",
          "hasContract": "Has contract",
          "lastname": "Last name",
          "name": "First name",
          "not": "Not",
          "notFound": "Page not found",
          "yes": "Yes",
        },
      },
      "es": Object {
        "translation": Object {
          "actions": "Acciones",
          "back": "Regresar",
          "birthday": "Cumpleaños",
          "email": "Correo electrónico",
          "hasContract": "Contratado",
          "lastname": "Apellido",
          "name": "Primer nombre",
          "not": "No",
          "notFound": "Página no encontrada",
          "yes": "Sí",
        },
      },
      "pt": Object {
        "translation": Object {
          "actions": "Acções",
          "back": "Voltar",
          "birthday": "Aniversário",
          "email": "Correio eletronico",
          "hasContract": "Contratado",
          "lastname": "Sobrenome",
          "name": "Nome",
          "not": "Não",
          "notFound": "Página não encontrada",
          "yes": "Sim",
        },
      },
    },
    "returnEmptyString": true,
    "returnNull": true,
    "returnObjects": false,
    "returnedObjectHandler": false,
    "saveMissing": false,
    "saveMissingPlurals": true,
    "saveMissingTo": "fallback",
    "simplifyPluralSuffix": true,
    "supportedLngs": false,
    "updateMissing": false,
  },
  "resolvedLanguage": "pt",
  "store": Object {
    "en": Object {
      "translation": Object {
        "actions": "Actions",
        "back": "Back",
        "birthday": "Birthday",
        "email": "Email",
        "hasContract": "Has contract",
        "lastname": "Last name",
        "name": "First name",
        "not": "Not",
        "notFound": "Page not found",
        "yes": "Yes",
      },
    },
    "es": Object {
      "translation": Object {
        "actions": "Acciones",
        "back": "Regresar",
        "birthday": "Cumpleaños",
        "email": "Correo electrónico",
        "hasContract": "Contratado",
        "lastname": "Apellido",
        "name": "Primer nombre",
        "not": "No",
        "notFound": "Página no encontrada",
        "yes": "Sí",
      },
    },
    "pt": Object {
      "translation": Object {
        "actions": "Acções",
        "back": "Voltar",
        "birthday": "Aniversário",
        "email": "Correio eletronico",
        "hasContract": "Contratado",
        "lastname": "Sobrenome",
        "name": "Nome",
        "not": "Não",
        "notFound": "Página não encontrada",
        "yes": "Sim",
      },
    },
  },
}
`;
